// Jest Snapshot v1, https://goo.gl/fbAQLP

exports[`getReleaseNotes generates the release notes from the template 1`] = `
Object {
  "body": "
# Bug fixes:

* [#FOTINGO-1180](http://eldora.name): Dynamic

# Features:

* [#FOTINGO-3500](https://candido.info): Investor

See [Jira release](https://alberta.name)

ðŸš€ Release created with [fotingo](https://github.com/tagoro9/fotingo)",
  "title": "Cambridgeshire",
}
`;
